../Core/Src/main.c:92:5:main	8	static,ignoring_inline_asm
../Core/Src/main.c:165:6:SystemClock_Config	88	static
../Core/Src/main.c:212:13:MX_ADC1_Init	24	static
../Core/Src/main.c:274:13:MX_USART2_UART_Init	8	static
../Core/Src/main.c:307:13:MX_USART6_UART_Init	8	static
../Core/Src/main.c:338:13:MX_DMA_Init	16	static
../Core/Src/main.c:356:13:MX_GPIO_Init	48	static
../Core/Src/main.c:395:6:MX_GPIO_LED_ON	16	static
../Core/Src/main.c:400:6:MX_GPIO_LED_OFF	16	static
../Core/Src/main.c:405:6:HAL_IncTick	4	static
../Core/Src/main.c:414:6:bluetooth_Event	152	static
../Core/Src/main.c:469:1:__io_putchar	16	static
../Core/Src/main.c:477:6:HAL_UART_RxCpltCallback	16	static
../Core/Src/main.c:518:6:Error_Handler	4	static,ignoring_inline_asm
